❌ [GH-01] ชื่อ branch ไม่ตรงมาตรฐาน
   พบ: origin/main
   ต้องเป็น: feature/<subsystem>/<เรื่องที่ทำ>
   ตัวอย่าง: feature/equipment/add-borrow-return
   อ้างอิง: github-workflow.md ข้อ 1.1
   วิธีแก้: git branch -m feature/<subsystem>/<เรื่อง>
FAILED GH-01 
❌ [GH-02] Commit message ไม่ตาม Conventional Commits
   พบ: git commit --amend
   ต้องเป็น: <type>(<scope>?): <description> เช่น feat(equipment): add borrow flow
   อ้างอิง: github-workflow.md ข้อ 1.3
   วิธีแก้: แก้ commit message ด้วย git commit --amend หรือ git rebase -i
FAILED GH-02 
✅ [GH-03] ไม่มีการแก้ไขไฟล์ CI
❌ [GH-04] standards version ที่ subsystem ใช้ไม่ตรงกับที่ PM อนุมัติ
   พบ: 1.5.2
   ต้องเป็น: 1.0.0
   อ้างอิง: github-workflow.md ข้อ 3.6
   วิธีแก้: git submodule update --remote standards/ แล้วอัปเดต .standards-version เป็น 1.0.0
FAILED GH-04 
✅ [DD-01/02] ไม่พบ alias ต้องห้าม และ core role อยู่ใน enum
⚠️  [API-01] ข้ามการตรวจ (ไม่พบ script generate:openapi ใน backend/package.json)
✅ [UI-01] ไม่พบ hex color ดิบ (UI-02..04 เป็น warn เท่านั้น)
Scope: 2 of 3 workspace projects
backend lint$ eslint "{src,test}/**/*.ts"
frontend lint$ next lint
frontend lint: `next lint` is deprecated and will be removed in Next.js 16.
frontend lint: For new projects, use create-next-app to choose your preferred linter.
frontend lint: For existing projects, migrate to the ESLint CLI:
frontend lint: npx @next/codemod@canary next-lint-to-eslint-cli .
frontend lint:  ⚠ Warning: Next.js inferred your workspace root, but it may not be correct.
frontend lint:  We detected multiple lockfiles and selected the directory of C:\Users\Windows\package-lock.json as the root directory.
frontend lint:  To silence this warning, set `outputFileTracingRoot` in your Next.js config, or consider removing one of the lockfiles if it's not needed.
frontend lint:    See https://nextjs.org/docs/app/api-reference/config/next-config-js/output#caveats for more information.
frontend lint:  Detected additional lockfiles: 
frontend lint:    * C:\Users\Windows\csmju2030\csmju-student-activity-matcher\pnpm-lock.yaml
backend lint: Done
frontend lint: ./src/app/(student)/discover/DiscoverClient.tsx
frontend lint: 88:8  Warning: React Hook useMemo has a missing dependency: 'getInterestsByIds'. Either include it or remove the dependency array.  react-hooks/exhaustive-deps
frontend lint: ./src/app/(student)/students/[id]/StudentDetailClient.tsx
frontend lint: 30:11  Warning: The 'studentInterests' conditional could make the dependencies of useMemo Hook (at line 38) change on every render. To fix this, wrap the initialization of 'studentInterests' in its own useMemo() Hook.  react-hooks/exhaustive-deps
frontend lint: info  - Need to disable some ESLint rules? Learn more here: https://nextjs.org/docs/app/api-reference/config/eslint#disabling-rules
frontend lint: Done
Scope: 2 of 3 workspace projects
backend typecheck$ prisma generate && tsc --noEmit -p tsconfig.json
backend typecheck: Loaded Prisma config from prisma.config.ts.
backend typecheck: Prisma schema loaded from prisma\schema.prisma.
backend typecheck: ✔ Generated Prisma Client (7.9.1) to .\generated\prisma in 202ms
backend typecheck: Done
Scope: 2 of 3 workspace projects
backend test$ jest --config jest.config.js
frontend test$ jest
backend test: PASS src/auth/role-mapping.spec.ts (20.54 s)
backend test: PASS src/auth/permissions.spec.ts
frontend test:  ⚠ Warning: Next.js inferred your workspace root, but it may not be correct.
frontend test:  We detected multiple lockfiles and selected the directory of C:\Users\Windows\package-lock.json as the root directory.
frontend test:  To silence this warning, set `outputFileTracingRoot` in your Next.js config, or consider removing one of the lockfiles if it's not needed.
frontend test:    See https://nextjs.org/docs/app/api-reference/config/next-config-js/output#caveats for more information.
frontend test:  Detected additional lockfiles: 
frontend test:    * C:\Users\Windows\csmju2030\csmju-student-activity-matcher\pnpm-lock.yaml
backend test: PASS src/core-hub/reference-data.service.spec.ts (33.332 s)
backend test: PASS src/bookings/bookings.service.spec.ts (33.566 s)
backend test: [32m[Nest] 5984  - [39m01/10/2569 01:19:10 [32m    LOG[39m [38;5;3m[AuthEvents] [39m[32m{"event":"jwks.refresh","url":"http://core-hub.test/api/v1/.well-known/jwks.json","reason":"cache_stale_or_empty","keyCount":1,"kids":["core-hub-2026"],"at":"2026-09-30T18:19:10.551Z"}[39m
backend test: [32m[Nest] 5984  - [39m01/10/2569 01:19:10 [32m    LOG[39m [38;5;3m[AuthEvents] [39m[32m{"event":"jwks.refresh","url":"http://core-hub.test/api/v1/.well-known/jwks.json","reason":"cache_stale_or_empty","keyCount":1,"kids":["core-hub-2026"],"at":"2026-09-30T18:19:10.567Z"}[39m
backend test: [32m[Nest] 2796  - [39m01/10/2569 01:19:10 [32m    LOG[39m [38;5;3m[AuthEvents] [39m[32m{"event":"jwks.refresh","url":"http://core-hub.test/api/v1/.well-known/jwks.json","reason":"cache_stale_or_empty","keyCount":1,"kids":["core-hub-2026"],"at":"2026-09-30T18:19:10.607Z"}[39m
backend test: [32m[Nest] 2796  - [39m01/10/2569 01:19:10 [32m    LOG[39m [38;5;3m[AuthEvents] [39m[32m{"event":"jwks.refresh","url":"http://core-hub.test/api/v1/.well-known/jwks.json","reason":"cache_stale_or_empty","keyCount":1,"kids":["core-hub-2026"],"at":"2026-09-30T18:19:10.616Z"}[39m
backend test: [32m[Nest] 2796  - [39m01/10/2569 01:19:10 [32m    LOG[39m [38;5;3m[AuthEvents] [39m[32m{"event":"jwks.refresh","url":"http://core-hub.test/api/v1/.well-known/jwks.json","reason":"cache_stale_or_empty","keyCount":1,"kids":["core-hub-2026"],"at":"2026-09-30T18:19:10.619Z"}[39m
backend test: [32m[Nest] 2796  - [39m01/10/2569 01:19:10 [32m    LOG[39m [38;5;3m[AuthEvents] [39m[32m{"event":"jwks.refresh","url":"http://core-hub.test/api/v1/.well-known/jwks.json","reason":"unknown_kid","keyCount":2,"kids":["core-hub-2026","core-hub-2027"],"at":"2026-09-30T18:19:10.619Z"}[39m
backend test: [32m[Nest] 2796  - [39m01/10/2569 01:19:10 [32m    LOG[39m [38;5;3m[AuthEvents] [39m[32m{"event":"jwks.refresh","url":"http://core-hub.test/api/v1/.well-known/jwks.json","reason":"cache_stale_or_empty","keyCount":1,"kids":["core-hub-2026"],"at":"2026-09-30T18:19:10.623Z"}[39m
backend test: [32m[Nest] 2796  - [39m01/10/2569 01:19:10 [32m    LOG[39m [38;5;3m[AuthEvents] [39m[32m{"event":"jwks.refresh","url":"http://core-hub.test/api/v1/.well-known/jwks.json","reason":"unknown_kid","keyCount":1,"kids":["core-hub-2026"],"at":"2026-09-30T18:19:10.624Z"}[39m
backend test: [33m[Nest] 2796  - [39m01/10/2569 01:19:10 [33m   WARN[39m [38;5;3m[AuthEvents] [39m[33m{"event":"jwks.unknown_kid","kid":"core-hub-9999","knownKids":["core-hub-2026"],"at":"2026-09-30T18:19:10.624Z"}[39m
backend test: [32m[Nest] 2796  - [39m01/10/2569 01:19:10 [32m    LOG[39m [38;5;3m[AuthEvents] [39m[32m{"event":"jwks.refresh","url":"http://core-hub.test/api/v1/.well-known/jwks.json","reason":"cache_stale_or_empty","keyCount":1,"kids":["core-hub-2026"],"at":"2026-09-30T18:19:10.628Z"}[39m
backend test: [33m[Nest] 2796  - [39m01/10/2569 01:19:10 [33m   WARN[39m [38;5;3m[AuthEvents] [39m[33m{"event":"jwks.unknown_kid","kid":"core-hub-9999","knownKids":["core-hub-2026"],"at":"2026-09-30T18:19:10.628Z"}[39m
backend test: [33m[Nest] 2796  - [39m01/10/2569 01:19:10 [33m   WARN[39m [38;5;3m[AuthEvents] [39m[33m{"event":"jwks.unknown_kid","kid":"core-hub-9999","knownKids":["core-hub-2026"],"at":"2026-09-30T18:19:10.629Z"}[39m
backend test: [32m[Nest] 2796  - [39m01/10/2569 01:19:10 [32m    LOG[39m [38;5;3m[AuthEvents] [39m[32m{"event":"jwks.refresh","url":"http://core-hub.test/api/v1/.well-known/jwks.json","reason":"cache_stale_or_empty","keyCount":1,"kids":["core-hub-2026"],"at":"2026-09-30T18:19:10.631Z"}[39m
backend test: [31m[Nest] 2796  - [39m01/10/2569 01:19:10 [31m  ERROR[39m [38;5;3m[AuthEvents] [39m[31m{"event":"jwks.refresh.failure","reason":"ECONNREFUSED","cachedKeyCount":1,"at":"2026-09-30T18:19:10.700Z"}[39m
backend test: [31m[Nest] 2796  - [39m01/10/2569 01:19:10 [31m  ERROR[39m [38;5;3m[AuthEvents] [39m[31m{"event":"jwks.refresh.failure","reason":"ECONNREFUSED","cachedKeyCount":0,"at":"2026-09-30T18:19:10.702Z"}[39m
backend test: [31m[Nest] 2796  - [39m01/10/2569 01:19:10 [31m  ERROR[39m [38;5;3m[AuthEvents] [39m[31m{"event":"jwks.refresh.failure","reason":"JWKS response contains no usable RS256 signing key","cachedKeyCount":0,"at":"2026-09-30T18:19:10.704Z"}[39m
backend test: [31m[Nest] 2796  - [39m01/10/2569 01:19:10 [31m  ERROR[39m [38;5;3m[AuthEvents] [39m[31m{"event":"jwks.refresh.failure","reason":"Core Hub JWKS must be an RFC 7517 document ({\"keys\":[...]}), but the response was wrapped in an API envelope ({\"data\":{\"keys\":[...]}}). Upgrade the Core Hub to a version that excludes the JWKS endpoint from its response interceptor.","cachedKeyCount":0,"at":"2026-09-30T18:19:10.707Z"}[39m
backend test: PASS src/auth/jwks.service.spec.ts (33.659 s)
backend test: [32m[Nest] 2796  - [39m01/10/2569 01:19:10 [32m    LOG[39m [38;5;3m[AuthEvents] [39m[32m{"event":"jwks.refresh","url":"http://core-hub.test/api/v1/.well-known/jwks.json","reason":"cache_stale_or_empty","keyCount":1,"kids":["core-hub-2026"],"at":"2026-09-30T18:19:10.669Z"}[39m
backend test: [32m[Nest] 2796  - [39m01/10/2569 01:19:10 [32m    LOG[39m [38;5;3m[AuthEvents] [39m[32m{"event":"jwks.refresh","url":"http://core-hub.test/api/v1/.well-known/jwks.json","reason":"cache_stale_or_empty","keyCount":1,"kids":["core-hub-2026"],"at":"2026-09-30T18:19:10.671Z"}[39m
backend test: [32m[Nest] 2796  - [39m01/10/2569 01:19:10 [32m    LOG[39m [38;5;3m[AuthEvents] [39m[32m{"event":"jwks.refresh","url":"http://core-hub.test/api/v1/.well-known/jwks.json","reason":"cache_stale_or_empty","keyCount":1,"kids":["core-hub-2026"],"at":"2026-09-30T18:19:10.710Z"}[39m
backend test: [32m[Nest] 2796  - [39m01/10/2569 01:19:10 [32m    LOG[39m [38;5;3m[AuthEvents] [39m[32m{"event":"jwks.refresh","url":"http://core-hub.test/api/v1/.well-known/jwks.json","reason":"cache_stale_or_empty","keyCount":1,"kids":["core-hub-2026"],"at":"2026-09-30T18:19:10.712Z"}[39m
backend test: PASS src/auth/core-hub-token.verifier.spec.ts (33.876 s)
backend test: [32m[Nest] 5984  - [39m01/10/2569 01:19:10 [32m    LOG[39m [38;5;3m[AuthEvents] [39m[32m{"event":"jwks.refresh","url":"http://core-hub.test/api/v1/.well-known/jwks.json","reason":"cache_stale_or_empty","keyCount":1,"kids":["core-hub-2026"],"at":"2026-09-30T18:19:10.785Z"}[39m
backend test: [32m[Nest] 5984  - [39m01/10/2569 01:19:10 [32m    LOG[39m [38;5;3m[AuthEvents] [39m[32m{"event":"jwks.refresh","url":"http://core-hub.test/api/v1/.well-known/jwks.json","reason":"cache_stale_or_empty","keyCount":1,"kids":["core-hub-2026"],"at":"2026-09-30T18:19:10.790Z"}[39m
backend test: [32m[Nest] 5984  - [39m01/10/2569 01:19:10 [32m    LOG[39m [38;5;3m[AuthEvents] [39m[32m{"event":"jwks.refresh","url":"http://core-hub.test/api/v1/.well-known/jwks.json","reason":"cache_stale_or_empty","keyCount":1,"kids":["core-hub-2026"],"at":"2026-09-30T18:19:10.795Z"}[39m
backend test: [32m[Nest] 5984  - [39m01/10/2569 01:19:10 [32m    LOG[39m [38;5;3m[AuthEvents] [39m[32m{"event":"jwks.refresh","url":"http://core-hub.test/api/v1/.well-known/jwks.json","reason":"cache_stale_or_empty","keyCount":1,"kids":["core-hub-2026"],"at":"2026-09-30T18:19:10.800Z"}[39m
backend test: [32m[Nest] 5984  - [39m01/10/2569 01:19:10 [32m    LOG[39m [38;5;3m[AuthEvents] [39m[32m{"event":"jwks.refresh","url":"http://core-hub.test/api/v1/.well-known/jwks.json","reason":"cache_stale_or_empty","keyCount":1,"kids":["core-hub-2026"],"at":"2026-09-30T18:19:10.844Z"}[39m
backend test: [32m[Nest] 5984  - [39m01/10/2569 01:19:10 [32m    LOG[39m [38;5;3m[AuthEvents] [39m[32m{"event":"jwks.refresh","url":"http://core-hub.test/api/v1/.well-known/jwks.json","reason":"unknown_kid","keyCount":1,"kids":["core-hub-2026"],"at":"2026-09-30T18:19:10.845Z"}[39m
backend test: [33m[Nest] 5984  - [39m01/10/2569 01:19:10 [33m   WARN[39m [38;5;3m[AuthEvents] [39m[33m{"event":"jwks.unknown_kid","kid":"core-hub-1999","knownKids":["core-hub-2026"],"at":"2026-09-30T18:19:10.845Z"}[39m
backend test: [32m[Nest] 5984  - [39m01/10/2569 01:19:10 [32m    LOG[39m [38;5;3m[AuthEvents] [39m[32m{"event":"jwks.refresh","url":"http://core-hub.test/api/v1/.well-known/jwks.json","reason":"cache_stale_or_empty","keyCount":1,"kids":["core-hub-2026"],"at":"2026-09-30T18:19:10.849Z"}[39m
backend test: [32m[Nest] 5984  - [39m01/10/2569 01:19:10 [32m    LOG[39m [38;5;3m[AuthEvents] [39m[32m{"event":"jwks.refresh","url":"http://core-hub.test/api/v1/.well-known/jwks.json","reason":"cache_stale_or_empty","keyCount":1,"kids":["core-hub-2026"],"at":"2026-09-30T18:19:10.852Z"}[39m
backend test: [32m[Nest] 5984  - [39m01/10/2569 01:19:10 [32m    LOG[39m [38;5;3m[AuthEvents] [39m[32m{"event":"jwks.refresh","url":"http://core-hub.test/api/v1/.well-known/jwks.json","reason":"unknown_kid","keyCount":2,"kids":["core-hub-2026","core-hub-2027"],"at":"2026-09-30T18:19:10.856Z"}[39m
backend test: PASS src/auth/guards/permissions.guard.spec.ts (36.465 s)
backend test: [33m[Nest] 8000  - [39m01/10/2569 01:19:13 [33m   WARN[39m [38;5;3m[AuthEvents] [39m[33m{"event":"authorization.denied","sub":"user-001","subsystemRole":"STUDENT","required":["booking:review"],"path":"/api/v1/courses","reason":"missing_permission","at":"2026-09-30T18:19:13.359Z"}[39m
backend test: [33m[Nest] 8000  - [39m01/10/2569 01:19:13 [33m   WARN[39m [38;5;3m[AuthEvents] [39m[33m{"event":"authorization.denied","sub":"user-001","subsystemRole":"ALUMNI","required":["booking:create"],"path":"/api/v1/courses","reason":"missing_permission","at":"2026-09-30T18:19:13.404Z"}[39m
backend test: PASS src/rooms/rooms.service.spec.ts (41.209 s)
backend test: Test Suites: 8 passed, 8 total
backend test: Tests:       81 passed, 81 total
backend test: Snapshots:   0 total
backend test: Time:        43.589 s
backend test: Ran all test suites.
backend test: Done
frontend test: PASS src/__tests__/sample.test.ts (7.415 s)
frontend test:   sum function
frontend test:     √ adds 1 + 2 to equal 3 (5 ms)
frontend test: Test Suites: 1 passed, 1 total
frontend test: Tests:       1 passed, 1 total
frontend test: Snapshots:   0 total
frontend test: Time:        27.584 s
frontend test: Ran all test suites.
frontend test: Done
Scope: 2 of 3 workspace projects
backend build$ prisma generate && nest build
frontend build$ next build
backend build: Loaded Prisma config from prisma.config.ts.
backend build: Prisma schema loaded from prisma\schema.prisma.
backend build: ✔ Generated Prisma Client (7.9.1) to .\generated\prisma in 361ms
frontend build:  ⚠ Warning: Next.js inferred your workspace root, but it may not be correct.
frontend build:  We detected multiple lockfiles and selected the directory of C:\Users\Windows\package-lock.json as the root directory.
frontend build:  To silence this warning, set `outputFileTracingRoot` in your Next.js config, or consider removing one of the lockfiles if it's not needed.
frontend build:    See https://nextjs.org/docs/app/api-reference/config/next-config-js/output#caveats for more information.
frontend build:  Detected additional lockfiles: 
frontend build:    * C:\Users\Windows\csmju2030\csmju-student-activity-matcher\pnpm-lock.yaml
frontend build:    ▲ Next.js 15.5.26
frontend build:    - Environments: .env
frontend build:    Creating an optimized production build ...
frontend build:  ⚠ Compiled with warnings in 22.9s
frontend build: ./src/app/(admin)/admin/sync/page.tsx
frontend build: Attempted import error: './SyncClient' does not contain a default export (imported as 'SyncClient').
frontend build: Import trace for requested module:
frontend build: ./src/app/(admin)/admin/sync/page.tsx
backend build: Done
frontend build:  ✓ Compiled successfully in 63s
frontend build:    Linting and checking validity of types ...
frontend build: ./src/app/(student)/discover/DiscoverClient.tsx
frontend build: 88:8  Warning: React Hook useMemo has a missing dependency: 'getInterestsByIds'. Either include it or remove the dependency array.  react-hooks/exhaustive-deps
frontend build: ./src/app/(student)/students/[id]/StudentDetailClient.tsx
frontend build: 30:11  Warning: The 'studentInterests' conditional could make the dependencies of useMemo Hook (at line 38) change on every render. To fix this, wrap the initialization of 'studentInterests' in its own useMemo() Hook.  react-hooks/exhaustive-deps
frontend build: info  - Need to disable some ESLint rules? Learn more here: https://nextjs.org/docs/app/api-reference/config/eslint#disabling-rules
frontend build: Failed to compile.
frontend build: ./src/app/(admin)/admin/interests/page.tsx:16:13
frontend build: Type error: Type 'null' is not assignable to type 'Statistics'.
frontend build: [0m [90m 14 |[39m             allInterests[33m=[39m{allInterests}
frontend build:  [90m 15 |[39m             allCategories[33m=[39m{allCategories}
frontend build: [31m[1m>[22m[39m[90m 16 |[39m             statistics[33m=[39m{statistics}
frontend build:  [90m    |[39m             [31m[1m^[22m[39m
frontend build:  [90m 17 |[39m         [33m/[39m[33m>[39m
frontend build:  [90m 18 |[39m     )[33m;[39m
frontend build:  [90m 19 |[39m }[0m
frontend build: Next.js build worker exited with code: 1 and signal: null
frontend build: Failed
C:\Users\Windows\csmju2030\csmju-student-activity-matcher\frontend:
 ERR_PNPM_RECURSIVE_RUN_FIRST_FAIL  frontend@1.0.0 build: `next build`
Exit status 1
❌ [QA-04] next build / nest build ไม่ผ่าน
FAILED QA 
Done! 
